F01	../work/data/edfs//F01.edf	../work/data/annots/F01.annot
F02	../work/data/edfs//F02.edf	../work/data/annots/F02.annot
F03	../work/data/edfs//F03.edf	../work/data/annots/F03.annot
F04	../work/data/edfs//F04.edf	../work/data/annots/F04.annot
F05	../work/data/edfs//F05.edf	../work/data/annots/F05.annot
F06	../work/data/edfs//F06.edf	../work/data/annots/F06.annot
F07	../work/data/edfs//F07.edf	../work/data/annots/F07.annot
F08	../work/data/edfs//F08.edf	../work/data/annots/F08.annot
F09	../work/data/edfs//F09.edf	../work/data/annots/F09.annot
F10	../work/data/edfs//F10.edf	../work/data/annots/F10.annot
M01	../work/data/edfs//M01.edf	../work/data/annots/M01.tsv
M02	../work/data/edfs//M02.edf	../work/data/annots/M02.tsv
M03	../work/data/edfs//M03.edf	../work/data/annots/M03.tsv
M04	../work/data/edfs//M04.edf	../work/data/annots/M04.tsv
M05	../work/data/edfs//M05.edf	../work/data/annots/M05.eannot
M06	../work/data/edfs//M06.edf	../work/data/annots/M06.eannot
M07	../work/data/edfs//M07.edf	../work/data/annots/M07.eannot
M08	../work/data/edfs//M08.edf	../work/data/annots/M08.eannot
M09	../work/data/edfs//M09.edf	../work/data/annots/M09.xml
M10	../work/data/edfs//M10.edf	../work/data/annots/M10.xml
